##################################################################################
#                                                                                #
#                                                                                #
#                                                                                #
#        ....................................                                    #
#        .          ..          ..          .                                    #
#        .          ..          ..          .........                            #
#        .          ..          ..          ..  ..  .............                #
#.........          ..          ..          ..  ..  ..    ..    .................#
#.  ..  ..          ..          ..          ..  ..  ..    ..    ..  ..  ..  ..  .#
#. G.. o..     b    ..     i    ..     g    .. o.. r..  g ..  o .. h.. o.. m.. e.#
#.........          ..          ..          ..  ..  ..    ..    .................#
#        .          ..          ..          ..  ..  .............                #
#        .          ..          ..          .........                            #
#        .          ..          ..          .                                    #
#        ....................................                                    #
#                                                                                #
#                                                                                #
#                                                                                #
##################################################################################
