############################################################
#                                                          #
#             ................................             #
#             .  ..  ..  ..  ..  ..  ..  ..  .             #
#             . I.. '.. m..  .. t.. h.. e..  .             #
#             ................................             #
#         ........................................         #
#         .  ..  ..  ..  ..  ..  ..  ..  ..  ..  .         #
#         . r.. o.. o.. t.. i.. n.. e.. s.. t..  .         #
#         ........................................         #
#         ........................................         #
#         .  ..  ..  ..  ..  ..  ..  ..  ..  ..  .         #
#         . t.. o.. o.. t.. i.. n.. e.. s.. t..  .         #
#         ........................................         #
# ........................................................ #
# .  ..  ..  ..  ..  ..  ..  ..  ..  ..  ..  ..  ..  ..  . #
# . g.. u.. n.. s.. l.. i.. n.. g.. e.. r..  .. o.. n..  . #
# ........................................................ #
# ........................................................ #
# .  ..  ..  ..  ..  ..  ..  ..  ..  ..  ..  ..  ..  ..  . #
# . t.. h.. i.. s..  .. h.. e.. r.. e..  .. s.. i.. d.. e. #
# ........................................................ #
#             ................................             #
#             .  ..  ..  ..  ..  ..  ..  ..  .             #
#             .  .. o.. f..  .. t.. h.. e..  .             #
#             ................................             #
#     ................................................     #
#     .  ..  ..  ..  ..  ..  ..  ..  ..  ..  ..  ..  .     #
#     . m.. i.. s.. s.. i.. s.. s.. o.. u.. r.. i.. ..     #
#     ................................................     #
#                                                          #
#                                                          #
#                                                          #
#                                                          #
#   ....................................................   #
#   .  ..  ..  ..  ..  ..  ..  ..  ..  ..  ..  ..  ..  .   #
#   . S.. o..  .. w.. a.. t.. c.. h..  .. o.. u.. t.. !.   #
#   ....................................................   #
#                                                          #
############################################################
