##################################################
#................................................#
#.  ..  ..  ..  ..  ..  ..  ..  ..  ..  ..  ..  .#
#. I.. '.. m..  .. a.. b.. o.. u.. t..  .. t.. o.#
#................................................#
#              ....................              #
#              .  ..  ..  ..  ..  .              #
#              .  .. w.. a.. l.. k.              #
#              ....................              #
#................................................#
#.  ..  ..  ..  ..  ..  ..  ..  ..  ..  ..  ..  .#
#. o.. f.. f..  .. t.. h.. e..  .. e.. d.. g.. e.#
#................................................#
#        ................................        #
#        .  ..  ..  ..  ..  ..  ..  ..  .        #
#        .  .. o.. f..  .. t.. h.. e..  .        #
#        ................................        #
#            ........................            #
#            .  ..  ..  ..  ..  ..  .            #
#            . s.. t.. r.. i.. n.. g.            #
#            ........................            #
#          ............................          #
#          .  ..  ..  ..  ..  ..  ..  .          #
#          . h.. e.. r.. e..  .. I..  .          #
#          ............................          #
#................................................#
#.  ..  ..  ..  ..  ..  ..  ..  ..  ..  ..  ..  .#
#. g.. o.. o.. o.. o.. o.. o.. o.. o.. ... ... ..#
#................................................#
##################################################
