........................#
.  ..  ..  ..  ..  ..  .#
. I.. t..  .. i.. s..  .#
........................#
#     ............      #
#     .  ..  ..  .      #
#     . O.. K..  .      #
#     ............      #
# ....................  #
# .  ..  ..  ..  ..  .  #
# . t.. h.. a.. t..  .  #
# ....................  #
#     ............      #
#     .  ..  ..  .      #
#     . w.. e..  .      #
#     ............      #
.........................
.  ..  ..  ..  ..  ..  ..
. v.. e.. r.. f.. l.. o..
.........................
# ....................  #
# .  ..  ..  ..  ..  .  #
# .  .. h.. e.. r.. e.  #
# ....................  #
#########################

22 chars were rendered offscreen and were skipped
`.` at {X:-4 Y:16}
`.` at {X:-4 Y:17}
`.` at {X:-4 Y:18}
`.` at {X:-4 Y:19}
`.` at {X:-3 Y:16}
`.` at {X:-3 Y:19}
`.` at {X:-2 Y:16}
`.` at {X:-2 Y:19}
`.` at {X:-1 Y:16}
`.` at {X:-1 Y:17}
`.` at {X:-1 Y:18}
`.` at {X:-1 Y:19}
`o` at {X:-2 Y:18}
`.` at {X:25 Y:16}
`.` at {X:25 Y:19}
`.` at {X:26 Y:16}
`.` at {X:26 Y:19}
`.` at {X:27 Y:16}
`.` at {X:27 Y:17}
`.` at {X:27 Y:18}
`.` at {X:27 Y:19}
`w` at {X:26 Y:18}

