#................................................#
#.  ..  ..  ..  ..  ..  ..  ..  ..  ..  ..  ..  .#
#. l.. e.. t.. '.. s..  .. g.. o.. o.. ... ... ..#
#................................................#
