##########
#        #
#        #
#........#
#.  ..  .#
#. O..  .#
#........#
..........
# ..  .. #
#t.. h.. i
..........
#  ....  #
#  .  .  #
#  .  .  #
#  ....  #
..........
..  ..  ..
.. i.. t..
..........
#  ....  #
#  .  .  #
#  .  .  #
#  ....  #
..........
..  ..  ..
.. ... ...
..........
#        #
#        #
##########

96 chars were rendered offscreen and were skipped
`.` at {X:-9 Y:7}
`.` at {X:-9 Y:8}
`.` at {X:-9 Y:9}
`.` at {X:-9 Y:10}
`.` at {X:-8 Y:7}
`.` at {X:-8 Y:10}
`.` at {X:-7 Y:7}
`.` at {X:-7 Y:10}
`.` at {X:-6 Y:7}
`.` at {X:-6 Y:8}
`.` at {X:-6 Y:9}
`.` at {X:-6 Y:10}
`N` at {X:-7 Y:9}
`.` at {X:-5 Y:7}
`.` at {X:-5 Y:8}
`.` at {X:-5 Y:9}
`.` at {X:-5 Y:10}
`.` at {X:-4 Y:7}
`.` at {X:-4 Y:10}
`.` at {X:-3 Y:7}
`.` at {X:-3 Y:10}
`.` at {X:-2 Y:7}
`.` at {X:-2 Y:8}
`.` at {X:-2 Y:9}
`.` at {X:-2 Y:10}
`o` at {X:-3 Y:9}
`.` at {X:-1 Y:7}
`.` at {X:-1 Y:8}
`.` at {X:-1 Y:9}
`.` at {X:-1 Y:10}
`.` at {X:10 Y:7}
`.` at {X:10 Y:8}
`.` at {X:10 Y:9}
`.` at {X:10 Y:10}
`.` at {X:11 Y:7}
`.` at {X:11 Y:8}
`.` at {X:11 Y:9}
`.` at {X:11 Y:10}
`.` at {X:12 Y:7}
`.` at {X:12 Y:10}
`.` at {X:13 Y:7}
`.` at {X:13 Y:10}
`.` at {X:14 Y:7}
`.` at {X:14 Y:8}
`.` at {X:14 Y:9}
`.` at {X:14 Y:10}
`n` at {X:13 Y:9}
`.` at {X:15 Y:7}
`.` at {X:15 Y:8}
`.` at {X:15 Y:9}
`.` at {X:15 Y:10}
`.` at {X:16 Y:7}
`.` at {X:16 Y:10}
`.` at {X:17 Y:7}
`.` at {X:17 Y:10}
`.` at {X:18 Y:7}
`.` at {X:18 Y:8}
`.` at {X:18 Y:9}
`.` at {X:18 Y:10}
`g` at {X:17 Y:9}
`.` at {X:-3 Y:15}
`.` at {X:-3 Y:16}
`.` at {X:-3 Y:17}
`.` at {X:-3 Y:18}
`.` at {X:-2 Y:15}
`.` at {X:-2 Y:18}
`.` at {X:-1 Y:15}
`.` at {X:-1 Y:18}
`f` at {X:-1 Y:17}
`.` at {X:10 Y:15}
`.` at {X:10 Y:18}
`.` at {X:11 Y:15}
`.` at {X:11 Y:18}
`.` at {X:12 Y:15}
`.` at {X:12 Y:16}
`.` at {X:12 Y:17}
`.` at {X:12 Y:18}
`s` at {X:11 Y:17}
`.` at {X:-3 Y:23}
`.` at {X:-3 Y:24}
`.` at {X:-3 Y:25}
`.` at {X:-3 Y:26}
`.` at {X:-2 Y:23}
`.` at {X:-2 Y:26}
`.` at {X:-1 Y:23}
`.` at {X:-1 Y:26}
`i` at {X:-1 Y:25}
`.` at {X:10 Y:23}
`.` at {X:10 Y:26}
`.` at {X:11 Y:23}
`.` at {X:11 Y:26}
`.` at {X:12 Y:23}
`.` at {X:12 Y:24}
`.` at {X:12 Y:25}
`.` at {X:12 Y:26}
`.` at {X:11 Y:25}

