##################################################
#                                                #
#                                                #
#                                                #
#      ....................................      #
#      .  ..  ..  ..  ..  ..  ..  ..  ..  .      #
#      . C.. h.. a.. n.. g.. i.. n.. g..  .      #
#      ....................................      #
#    ........................................    #
#    .  ..  ..  ..  ..  ..  ..  ..  ..  ..  .    #
#    . f.. o.. n.. t.. s..  .. c.. a.. n..  .    #
#    ........................................    #
#        ................................        #
#        .  ..  ..  ..  ..  ..  ..  ..  .        #
#        . c.. a.. u.. s.. e..  .. a..  .        #
#        ................................        #
#................................................#
#.  ..  ..  ..  ..  ..  ..  ..  ..  ..  ..  ..  .#
#. n.. a.. t.. u.. r.. a.. l..  .. l.. i.. n.. e.#
#................................................#
#         ..............................         #
#         .    ..    ..    ..    ..    .         #
#         .    ..    ..    ..    ..    .         #
#         .  b ..  r ..  e ..  a ..  k .         #
#         .    ..    ..    ..    ..    .         #
#         ..............................         #
#                                                #
#                                                #
#                                                #
##################################################
