................................##################
.  ..  ..  ..  ..  ..  ..  ..  .                 #
. O.. n.. e..  .. l.. i.. n.. e.                 #
................................                 #
....................................             #
.  ..  ..  ..  ..  ..  ..  ..  ..  .             #
. T.. w.. o..  .. l.. i.. n.. e.. s.             #
....................................             #
#                                                #
#                                                #
#                                                #
#                                                #
............................................     #
.  ..  ..  ..  ..  ..  ..  ..  ..  ..  ..  .     #
. T.. h.. r.. e.. e..  .. l.. i.. n.. e.. s.     #
............................................     #
#                                                #
#                                                #
#                                                #
#                                                #
#                                                #
#                                                #
#                                                #
#                                                #
....................                             #
.  ..  ..  ..  ..  .                             #
. D.. o.. n.. e.. !.                             #
....................                             #
#                                                #
##################################################
