........................................##########
.  ..  ..  ..  ..  ..  ..  ..  ..  ..  .         #
. W.. o.. r.. d.. s.. w.. o.. r.. d.. s.         #
........................................         #
........                                         #
.      .                                         #
.      .                                         #
.      .                                         #
.   #  .........................                 #
.      ..  ..  ..  ..  ..  ..  .                 #
.      .. w.. o.. r.. d.. s..  .                 #
................................                 #
....................                             #
.  ..  ..  ..  ..  .                             #
. w.. o.. r.. d.. s.                             #
....................                             #
#                                                #
#                                                #
#                                                #
#                                                #
#                                                #
#                                                #
#                                                #
#                                                #
#                                                #
#                                                #
#                                                #
#                                                #
#                                                #
##################################################
