1111111111111111111111111111111111111111111111
1itemA   11itemB     11itemC 11itemD  11itemE1
11111111111          11      11       11     1
0         1          11      11       11     1
0         1          1111111111       11     1
0         1          1        1       11     1
0         1          1        1       11     1
0         1          1        1       11111111
0         1          1        1       1      0
0000000000111111111111000000001111111110000000
