3333333333333333333333333333222222222222 
3itemA     33itemB33itemC  3           2 
3          33     33       3           2 
3          33     33       3           2 
3          33     33       3           2 
3          33     33       3           2 
3          33     33       3           2 
3          33     33       3           2 
3          33     33       3           2 
3333333333333333333333333333222222222222 
3333333333333333333333333333333333333222 
3itemD      33itemE33itemF 33itemG  3  2 
3           33     33      33       3  2 
3           33     33      33       3  2 
3           33     33      33       3  2 
3           33     33      33       3  2 
3           33     33      33       3  2 
3           33     33      33       3  2 
3           33     33      33       3  2 
3333333333333333333330000003333333333002 
2                   3      3           2 
2222222222222222222233333333222222222222 
                                         
