There are supposed to be a bunch of skipped pixels here: 

3333333333333333333333333333222222222222
3itemA     33itemB33itemC  3           2
3          33     33       3           2
3          33     33       3           2
3          33     33       3           2
3          33     33       3           2
3          33     33       3           2
3          33     33       3           2
3          33     33       3           2
3333333333333333333333333333222222222222
3333333333333333333333333333333333333222
3itemD      33itemE33itemF 33itemG  3  2
3           33     33      33       3  2
3           33     33      33       3  2
3           33     33      33       3  2
3           33     33      33       3  2
3           33     33      33       3  2
3           33     33      33       3  2
3           33     33      33       3  2
3333333333333333333333333333333333333222

152 chars were rendered offscreen and were skipped
`1` at {X:0 Y:20}
`1` at {X:0 Y:21}
`1` at {X:0 Y:22}
`1` at {X:0 Y:23}
`1` at {X:1 Y:23}
`1` at {X:2 Y:23}
`1` at {X:3 Y:23}
`1` at {X:4 Y:23}
`1` at {X:5 Y:23}
`1` at {X:6 Y:23}
`1` at {X:7 Y:23}
`1` at {X:8 Y:23}
`1` at {X:9 Y:23}
`1` at {X:10 Y:23}
`1` at {X:11 Y:23}
`1` at {X:12 Y:23}
`1` at {X:13 Y:23}
`1` at {X:14 Y:23}
`1` at {X:15 Y:23}
`1` at {X:16 Y:23}
`1` at {X:17 Y:23}
`1` at {X:18 Y:23}
`1` at {X:19 Y:23}
`1` at {X:20 Y:23}
`1` at {X:21 Y:23}
`1` at {X:22 Y:23}
`1` at {X:23 Y:23}
`1` at {X:24 Y:23}
`1` at {X:25 Y:23}
`1` at {X:26 Y:23}
`1` at {X:27 Y:23}
`1` at {X:28 Y:23}
`1` at {X:29 Y:23}
`1` at {X:30 Y:23}
`1` at {X:31 Y:23}
`1` at {X:32 Y:23}
`1` at {X:33 Y:23}
`1` at {X:34 Y:23}
`1` at {X:35 Y:23}
`1` at {X:36 Y:23}
`1` at {X:37 Y:23}
`1` at {X:38 Y:23}
`1` at {X:39 Y:20}
`1` at {X:39 Y:21}
`1` at {X:39 Y:22}
`1` at {X:39 Y:23}
`2` at {X:0 Y:20}
`2` at {X:0 Y:21}
`2` at {X:0 Y:22}
`2` at {X:0 Y:23}
`2` at {X:1 Y:20}
`2` at {X:1 Y:23}
`2` at {X:2 Y:20}
`2` at {X:2 Y:23}
`2` at {X:3 Y:20}
`2` at {X:3 Y:23}
`2` at {X:4 Y:20}
`2` at {X:4 Y:23}
`2` at {X:5 Y:20}
`2` at {X:5 Y:23}
`2` at {X:6 Y:20}
`2` at {X:6 Y:23}
`2` at {X:7 Y:20}
`2` at {X:7 Y:23}
`2` at {X:8 Y:20}
`2` at {X:8 Y:23}
`2` at {X:9 Y:20}
`2` at {X:9 Y:23}
`2` at {X:10 Y:20}
`2` at {X:10 Y:23}
`2` at {X:11 Y:20}
`2` at {X:11 Y:23}
`2` at {X:12 Y:20}
`2` at {X:12 Y:23}
`2` at {X:13 Y:20}
`2` at {X:13 Y:23}
`2` at {X:14 Y:20}
`2` at {X:14 Y:23}
`2` at {X:15 Y:20}
`2` at {X:15 Y:23}
`2` at {X:16 Y:20}
`2` at {X:16 Y:23}
`2` at {X:17 Y:20}
`2` at {X:17 Y:23}
`2` at {X:18 Y:20}
`2` at {X:18 Y:23}
`2` at {X:19 Y:20}
`2` at {X:19 Y:23}
`2` at {X:20 Y:20}
`2` at {X:20 Y:23}
`2` at {X:21 Y:20}
`2` at {X:21 Y:23}
`2` at {X:22 Y:20}
`2` at {X:22 Y:23}
`2` at {X:23 Y:20}
`2` at {X:23 Y:23}
`2` at {X:24 Y:20}
`2` at {X:24 Y:23}
`2` at {X:25 Y:20}
`2` at {X:25 Y:23}
`2` at {X:26 Y:20}
`2` at {X:26 Y:23}
`2` at {X:27 Y:20}
`2` at {X:27 Y:23}
`2` at {X:28 Y:20}
`2` at {X:28 Y:23}
`2` at {X:29 Y:20}
`2` at {X:29 Y:23}
`2` at {X:30 Y:20}
`2` at {X:30 Y:23}
`2` at {X:31 Y:20}
`2` at {X:31 Y:23}
`2` at {X:32 Y:20}
`2` at {X:32 Y:23}
`2` at {X:33 Y:20}
`2` at {X:33 Y:23}
`2` at {X:34 Y:20}
`2` at {X:34 Y:23}
`2` at {X:35 Y:20}
`2` at {X:35 Y:23}
`2` at {X:36 Y:20}
`2` at {X:36 Y:23}
`2` at {X:37 Y:20}
`2` at {X:37 Y:23}
`2` at {X:38 Y:20}
`2` at {X:38 Y:23}
`2` at {X:39 Y:20}
`2` at {X:39 Y:21}
`2` at {X:39 Y:22}
`2` at {X:39 Y:23}
`r` at {X:1 Y:21}
`o` at {X:2 Y:21}
`w` at {X:3 Y:21}
` ` at {X:4 Y:21}
`2` at {X:5 Y:21}
`3` at {X:0 Y:20}
`3` at {X:0 Y:21}
`3` at {X:0 Y:22}
`3` at {X:0 Y:23}
`3` at {X:1 Y:20}
`3` at {X:1 Y:23}
`3` at {X:2 Y:20}
`3` at {X:2 Y:23}
`3` at {X:3 Y:20}
`3` at {X:3 Y:21}
`3` at {X:3 Y:22}
`3` at {X:3 Y:23}
`i` at {X:1 Y:21}
`t` at {X:2 Y:21}
`e` at {X:3 Y:21}
`m` at {X:4 Y:21}
`H` at {X:5 Y:21}

