Layout
33333332
3itemA32
3     32
3     32
33333332
0      0
0      0
0      0
0      0
0      0
0      0
0      0
0      0
0      0
0      0
0      0
0      0
0      0
0      0
0      0
0      0
0      0
0      0
0      0
0      0
0      0
0      0
0      0
0      0
00000000


Used Row Rectangles:
####### 
#     # 
#     # 
#     # 
####### 
        
        
        
        
        
        
        
        
        
        
        
        
        
        
        
        
        
        
        
        
        
        
        
        
        


Just Items:
....... 
.     . 
.     . 
.     . 
....... 
        
        
        
        
        
        
        
        
        
        
        
        
        
        
        
        
        
        
        
        
        
        
        
        
        
