3333333333333333333333333333222222222222
3itemA     33itemB33itemC  3           2
3          33     33       3           2
3          33     33       3           2
3          33     33       3           2
3          33     33       3           2
3          33     33       3           2
3          33     33       3           2
3          33     33       3           2
3333333333333333333333333333222222222222
0                                      0
0                                      0
0                                      0
0                                      0
0                                      0
0                                      0
0                                      0
0                                      0
0                                      0
0000000000000000000000000000000000000000
