Layout
2223333333333333333333222
2ro3itemA     33itemB3  2
2  3          33     3  2
2  3          33     3  2
2223333333333333333333222
2222222233333333322222222
2row 1  3itemC  3       2
2       3       3       2
2       3       3       2
2222222233333333322222222
2333333333333333333333332
23itemD   33itemE      32
23        33           32
23        33           32
2333333333333333333333332
2222233333333333333222222
2row 3itemF33itemG3     2
2    3     33     3     2
2    3     33     3     2
2222233333333333333222222


Used Row Rectangles:
   ###################   
   #                 #   
   #                 #   
   #                 #   
   ###################   
        #########        
        #       #        
        #       #        
        #       #        
        #########        
 ####################### 
 #                     # 
 #                     # 
 #                     # 
 ####################### 
     ##############      
     #            #      
     #            #      
     #            #      
     ##############      


Just Items:
   ...................   
   .          ..     .   
   .          ..     .   
   .          ..     .   
   ...................   
        .........        
        .       .        
        .       .        
        .       .        
        .........        
 ....................... 
 .        ..           . 
 .        ..           . 
 .        ..           . 
 ....................... 
     ..............      
     .     ..     .      
     .     ..     .      
     .     ..     .      
     ..............      
