333333333333333333333333333333
3itemA   33itemB   33itemC   3
3        33        33        3
3        33        33        3
3        33        33        3
3        33        33        3
3        33        33        3
3        33        33        3
3        33        33        3
333333333333333333333333333333
333333333333333333333333333333
3itemD   33itemE   33itemF   3
3        33        33        3
3        33        33        3
3        33        33        3
3        33        33        3
3        33        33        3
3        33        33        3
3        33        33        3
333333333333333333333333333333
1                            1
1                            1
1                            1
1                            1
1                            1
1                            1
1                            1
1                            1
1                            1
111111111111111111111111111111
