Layout
2222222222221122222222211222222222222211
2row 0     2  2row 1  2  2row 2      2 1
2          2  2       2  23333333333 2 1
2          2  2       2  23itemD   3 2 1
2          2  2       2  23        3 2 1
2          2  2       2  23        3 2 1
2          2  2       2  23333333333 2 1
2          2  2       2  2           2 1
2          2  2       2  2           2 1
333333333333  2       2  3333333333333 1
3itemA     3  2       2  3itemE      3 1
3          3  2       2  3           3 1
3          3  2       2  3           3 1
333333333333  333333333  3333333333333 1
2          2  3itemC  3  2           2 1
2          2  3       3  2           2 1
2  3333333 2  3       3  2  3333333  2 1
2  3itemB3 2  333333333  2  3itemF3  2 1
2  3     3 2  2       2  2  3     3  2 1
2  3     3 2  2       2  2  3     3  2 1
2  3333333 2  2       2  2  3333333  2 1
2          2  2       2  2           2 1
2          2  2       2  2           2 1
2          2  2       2  2  3333333  2 1
2          2  2       2  2  3itemG3  2 1
2          2  2       2  2  3     3  2 1
2          2  2       2  2  3     3  2 1
2          2  2       2  2  3333333  2 1
2          2  2       2  2           2 1
2222222222221122222222211222222222222211


Used Row Rectangles:
                                        
                                        
                         #############  
                         #           #  
                         #           #  
                         #           #  
                         #           #  
                         #           #  
                         #           #  
############             #           #  
#          #             #           #  
#          #             #           #  
#          #             #           #  
#          #  #########  #           #  
#          #  #       #  #           #  
#          #  #       #  #           #  
#          #  #       #  #           #  
#          #  #########  #           #  
#          #             #           #  
#          #             #           #  
############             #           #  
                         #           #  
                         #           #  
                         #           #  
                         #           #  
                         #           #  
                         #           #  
                         #############  
                                        
                                        


Just Items:
                                        
                                        
                          ..........    
                          .        .    
                          .        .    
                          .        .    
                          ..........    
                                        
                                        
............             .............  
.          .             .           .  
.          .             .           .  
.          .             .           .  
............  .........  .............  
              .       .                 
              .       .                 
   .......    .       .     .......     
   .     .    .........     .     .     
   .     .                  .     .     
   .     .                  .     .     
   .......                  .......     
                                        
                                        
                            .......     
                            .     .     
                            .     .     
                            .     .     
                            .......     
                                        
                                        
