3333333333333333333333333333222222222222
3itemA     33itemB33itemC  3           2
3          33     33       3           2
3          33     33       3           2
3          33     33       3           2
3          33     33       3           2
3          33     33       3           2
3          33     33       3           2
3          33     33       3           2
3333333333333333333333333333222222222222
3333333333333333333333333333333333333333
3itemD      33itemE33really-wide-item  2
3           33     33                  2
3           33     33                  2
3           33     33                  2
3           33     33                  2
3           33     33                  2
3           33     33                  2
3           33     33                  2
3333333333333333333333333333333333333333

10 chars were rendered offscreen and were skipped
`3` at {X:40 Y:10}
`3` at {X:40 Y:11}
`3` at {X:40 Y:12}
`3` at {X:40 Y:13}
`3` at {X:40 Y:14}
`3` at {X:40 Y:15}
`3` at {X:40 Y:16}
`3` at {X:40 Y:17}
`3` at {X:40 Y:18}
`3` at {X:40 Y:19}

