................................................................................................................ 
.  ..  ..  ..  ..  ..  ..  ..  ..  ..  ..  ..  ..  ..  ..  ..  ..  ..  ..  ..  ..  ..  ..  ..  ..  ..  ..  ..  . 
. H.. e.. l.. l.. o..  .. i.. n..  .. b.. l.. u.. e.. ...  .. H.. e.. l.. l.. o..  .. i.. n..  .. r.. e.. d.. !. 
.............................................................  ..  ..  ..  ..  ..  ..  ..  ..  ..  ..  ..  ..  . 
                                                            .................................................... 
