111111111111111111111111111111111111
1fixed-aspect                      1
1                                  1
1  222222222222222                 1 this gold is wrong (see below)
1  2tall-item    2                 1
1  2             2                 1
1  2             2                 1
1  2             2                 1
1  2             2                 1
1  2             2                 1
1  2             2                 1
1  2             2                 1
1  2             2                 1
1  2             2                 1
1  2             2                 1
1  2             2                 1
1  222222222222222                 1
1                                  1
1                                  1
111111111111111111111111111111111111
0                                  0
0                                  0
0                                  0
0                                  0
0                                  0
0                                  0
0                                  0
0                                  0
0                                  0
0                                  0
0                                  0
0                                  0
0                                  0
0                                  0
0                                  0
0                                  0
0                                  0
0                                  0
0                                  0
0                                  0
0                                  0
0                                  0
0                                  0
0                                  0
0                                  0
0                                  0
0                                  0
0                                  0
0                                  0
0                                  0
0                                  0
0                                  0
0                                  0
0                                  0
0                                  0
0                                  0
0                                  0
0                                  0
0                                  0
0                                  0
0                                  0
0                                  0
0                                  0
000000000000000000000000000000000000


1111111111111111111111111111111111111111111111111111111111111111
1fixed-aspect                                                  1
1                                                              1
1  222222222222222                                             1
1  2tall-item    2                                             1
1  2             2                                             1
1  2             2                                             1
1  2             2                                             1
1  2             2                                             1
1  2             2                                             1
1  2             2                                             1
1  2             2                                             1
1  2             2                                             1
1  2             2                                             1
1  2             2                                             1
1  2             2                                             1
1  2             2                                             1
1  2             2                                             1
1  2             2                                             1
1  2             2                                             1
1  2             2                                             1
1  2             2                                             1
1  2             2                                             1
1  2             2                                             1
1  2             2                                             1
1  2             2                                             1
1  2             2                                             1
1  2             2                                             1
1  2             2                                             1
1  2             2                                             1
1  2             2                                             1
1  2             2                                             1
1  222222222222222                                             1
1                                                              1
1                                                              1
1111111111111111111111111111111111111111111111111111111111111111


1111111111111111111111111111111111111111111111111111111111111111111111111111111111111111111111111111
1fixed-aspect                                                                                      1
1                                                                                                  1
1  222222222222222                                                                                 1
1  2tall-item    2                                                                                 1
1  2             2                                                                                 1
1  2             2                                                                                 1
1  2             2                                                                                 1
1  2             2                                                                                 1
1  2             2                                                                                 1
1  2             2                                                                                 1
1  2             2                                                                                 1
1  2             2                                                                                 1
1  2             2                                                                                 1
1  2             2                                                                                 1
1  2             2                                                                                 1
1  2             2                                                                                 1
1  2             2                                                                                 1
1  2             2                                                                                 1
1  2             2                                                                                 1
1  2             2                                                                                 1
1  2             2                                                                                 1
1  2             2                                                                                 1
1  2             2                                                                                 1
1  2             2                                                                                 1
1  2             2                                                                                 1
1  2             2                                                                                 1
1  2             2                                                                                 1
1  2             2                                                                                 1
1  2             2                                                                                 1
1  2             2                                                                                 1
1  2             2                                                                                 1
1  2             2                                                                                 1
1  2             2                                                                                 1
1  2             2                                                                                 1
1002000000000000020000000000000000000000000000000000000000000000000000000000000000000000000000000001

185 chars were rendered offscreen and were skipped
`1` at {X:0 Y:36}
`1` at {X:0 Y:37}
`1` at {X:0 Y:38}
`1` at {X:0 Y:39}
`1` at {X:0 Y:40}
`1` at {X:0 Y:41}
`1` at {X:0 Y:42}
`1` at {X:0 Y:43}
`1` at {X:0 Y:44}
`1` at {X:0 Y:45}
`1` at {X:0 Y:46}
`1` at {X:0 Y:47}
`1` at {X:0 Y:48}
`1` at {X:0 Y:49}
`1` at {X:0 Y:50}
`1` at {X:0 Y:51}
`1` at {X:0 Y:52}
`1` at {X:0 Y:53}
`1` at {X:0 Y:54}
`1` at {X:0 Y:55}
`1` at {X:1 Y:55}
`1` at {X:2 Y:55}
`1` at {X:3 Y:55}
`1` at {X:4 Y:55}
`1` at {X:5 Y:55}
`1` at {X:6 Y:55}
`1` at {X:7 Y:55}
`1` at {X:8 Y:55}
`1` at {X:9 Y:55}
`1` at {X:10 Y:55}
`1` at {X:11 Y:55}
`1` at {X:12 Y:55}
`1` at {X:13 Y:55}
`1` at {X:14 Y:55}
`1` at {X:15 Y:55}
`1` at {X:16 Y:55}
`1` at {X:17 Y:55}
`1` at {X:18 Y:55}
`1` at {X:19 Y:55}
`1` at {X:20 Y:55}
`1` at {X:21 Y:55}
`1` at {X:22 Y:55}
`1` at {X:23 Y:55}
`1` at {X:24 Y:55}
`1` at {X:25 Y:55}
`1` at {X:26 Y:55}
`1` at {X:27 Y:55}
`1` at {X:28 Y:55}
`1` at {X:29 Y:55}
`1` at {X:30 Y:55}
`1` at {X:31 Y:55}
`1` at {X:32 Y:55}
`1` at {X:33 Y:55}
`1` at {X:34 Y:55}
`1` at {X:35 Y:55}
`1` at {X:36 Y:55}
`1` at {X:37 Y:55}
`1` at {X:38 Y:55}
`1` at {X:39 Y:55}
`1` at {X:40 Y:55}
`1` at {X:41 Y:55}
`1` at {X:42 Y:55}
`1` at {X:43 Y:55}
`1` at {X:44 Y:55}
`1` at {X:45 Y:55}
`1` at {X:46 Y:55}
`1` at {X:47 Y:55}
`1` at {X:48 Y:55}
`1` at {X:49 Y:55}
`1` at {X:50 Y:55}
`1` at {X:51 Y:55}
`1` at {X:52 Y:55}
`1` at {X:53 Y:55}
`1` at {X:54 Y:55}
`1` at {X:55 Y:55}
`1` at {X:56 Y:55}
`1` at {X:57 Y:55}
`1` at {X:58 Y:55}
`1` at {X:59 Y:55}
`1` at {X:60 Y:55}
`1` at {X:61 Y:55}
`1` at {X:62 Y:55}
`1` at {X:63 Y:55}
`1` at {X:64 Y:55}
`1` at {X:65 Y:55}
`1` at {X:66 Y:55}
`1` at {X:67 Y:55}
`1` at {X:68 Y:55}
`1` at {X:69 Y:55}
`1` at {X:70 Y:55}
`1` at {X:71 Y:55}
`1` at {X:72 Y:55}
`1` at {X:73 Y:55}
`1` at {X:74 Y:55}
`1` at {X:75 Y:55}
`1` at {X:76 Y:55}
`1` at {X:77 Y:55}
`1` at {X:78 Y:55}
`1` at {X:79 Y:55}
`1` at {X:80 Y:55}
`1` at {X:81 Y:55}
`1` at {X:82 Y:55}
`1` at {X:83 Y:55}
`1` at {X:84 Y:55}
`1` at {X:85 Y:55}
`1` at {X:86 Y:55}
`1` at {X:87 Y:55}
`1` at {X:88 Y:55}
`1` at {X:89 Y:55}
`1` at {X:90 Y:55}
`1` at {X:91 Y:55}
`1` at {X:92 Y:55}
`1` at {X:93 Y:55}
`1` at {X:94 Y:55}
`1` at {X:95 Y:55}
`1` at {X:96 Y:55}
`1` at {X:97 Y:55}
`1` at {X:98 Y:55}
`1` at {X:99 Y:36}
`1` at {X:99 Y:37}
`1` at {X:99 Y:38}
`1` at {X:99 Y:39}
`1` at {X:99 Y:40}
`1` at {X:99 Y:41}
`1` at {X:99 Y:42}
`1` at {X:99 Y:43}
`1` at {X:99 Y:44}
`1` at {X:99 Y:45}
`1` at {X:99 Y:46}
`1` at {X:99 Y:47}
`1` at {X:99 Y:48}
`1` at {X:99 Y:49}
`1` at {X:99 Y:50}
`1` at {X:99 Y:51}
`1` at {X:99 Y:52}
`1` at {X:99 Y:53}
`1` at {X:99 Y:54}
`1` at {X:99 Y:55}
`2` at {X:3 Y:36}
`2` at {X:3 Y:37}
`2` at {X:3 Y:38}
`2` at {X:3 Y:39}
`2` at {X:3 Y:40}
`2` at {X:3 Y:41}
`2` at {X:3 Y:42}
`2` at {X:3 Y:43}
`2` at {X:3 Y:44}
`2` at {X:3 Y:45}
`2` at {X:3 Y:46}
`2` at {X:3 Y:47}
`2` at {X:3 Y:48}
`2` at {X:3 Y:49}
`2` at {X:3 Y:50}
`2` at {X:3 Y:51}
`2` at {X:3 Y:52}
`2` at {X:4 Y:52}
`2` at {X:5 Y:52}
`2` at {X:6 Y:52}
`2` at {X:7 Y:52}
`2` at {X:8 Y:52}
`2` at {X:9 Y:52}
`2` at {X:10 Y:52}
`2` at {X:11 Y:52}
`2` at {X:12 Y:52}
`2` at {X:13 Y:52}
`2` at {X:14 Y:52}
`2` at {X:15 Y:52}
`2` at {X:16 Y:52}
`2` at {X:17 Y:36}
`2` at {X:17 Y:37}
`2` at {X:17 Y:38}
`2` at {X:17 Y:39}
`2` at {X:17 Y:40}
`2` at {X:17 Y:41}
`2` at {X:17 Y:42}
`2` at {X:17 Y:43}
`2` at {X:17 Y:44}
`2` at {X:17 Y:45}
`2` at {X:17 Y:46}
`2` at {X:17 Y:47}
`2` at {X:17 Y:48}
`2` at {X:17 Y:49}
`2` at {X:17 Y:50}
`2` at {X:17 Y:51}
`2` at {X:17 Y:52}

