00000000000000000000
011111 11111 1111110
01a  1 1b  1 1c   10
011111 11111 1111110
00000000000000000000
